Microchip MPLAB XC8 Compiler V1.45 ()

Linker command line:

-W-3 --edf=C:\Program Files (x86)\Microchip\xc8\v1.45\dat\en_msgs.txt -cs \
  -h+dist/default/production\Door_open.production.sym \
  --cmf=dist/default/production\Door_open.production.cmf -z -Q16F1526 \
  -oC:\Users\Alfaone\AppData\Local\Temp\s5q4.2 \
  -Mdist/default/production/Door_open.production.map -E1 -ver=XC8 \
  -ASTACK=02154h-022efh -pstack=STACK -ACODE=00h-07FFhx4 \
  -ASTRCODE=00h-01FFFh -ASTRING=00h-0FFhx32 -ACONST=00h-0FFhx32 \
  -AENTRY=00h-0FFhx32 -ACOMMON=070h-07Fh -ABANK0=020h-06Fh \
  -ABANK1=0A0h-0EFh -ABANK2=0120h-016Fh -ABANK3=01A0h-01EFh \
  -ABANK4=0220h-026Fh -ABANK5=02A0h-02EFh -ABANK6=0320h-036Fh \
  -ABANK7=03A0h-03EFh -ABANK8=0420h-046Fh -ABANK9=04A0h-04BFh \
  -ABIGRAM=02000h-022EFh \
  -ARAM=020h-06Fh,0A0h-0EFh,0120h-016Fh,01A0h-01EFh,0220h-026Fh,02A0h-02EFh,0320h-036Fh,03A0h-03EFh,0420h-046Fh,04A0h-04BFh \
  -AABS1=020h-07Fh,0A0h-0EFh,0120h-016Fh,01A0h-01EFh,0220h-026Fh,02A0h-02EFh,0320h-036Fh,03A0h-03EFh,0420h-046Fh,04A0h-04BFh \
  -ASFR0=00h-01Fh -ASFR1=080h-09Fh -ASFR2=0100h-011Fh -ASFR3=0180h-019Fh \
  -ASFR4=0200h-021Fh -ASFR5=0280h-029Fh -ASFR6=0300h-031Fh \
  -ASFR7=0380h-039Fh -ASFR8=0400h-041Fh -ASFR9=0480h-049Fh \
  -ASFR10=0500h-056Fh -ASFR11=0580h-05EFh -ASFR12=0600h-066Fh \
  -ASFR13=0680h-06EFh -ASFR14=0700h-076Fh -ASFR15=0780h-07EFh \
  -ASFR16=0800h-086Fh -ASFR17=0880h-08EFh -ASFR18=0900h-096Fh \
  -ASFR19=0980h-09EFh -ASFR20=0A00h-0A6Fh -ASFR21=0A80h-0AEFh \
  -ASFR22=0B00h-0B6Fh -ASFR23=0B80h-0BEFh -ASFR24=0C00h-0C6Fh \
  -ASFR25=0C80h-0CEFh -ASFR26=0D00h-0D6Fh -ASFR27=0D80h-0DEFh \
  -ASFR28=0E00h-0E6Fh -ASFR29=0E80h-0EEFh -ASFR30=0F00h-0F6Fh \
  -ASFR31=0F80h-0FEFh -preset_vec=00h,intentry=04h,init,end_init \
  -ppowerup=CODE -pcinit=CODE -pfunctab=ENTRY -ACONFIG=08007h-08008h \
  -pconfig=CONFIG -DCONFIG=2 -AIDLOC=08000h-08003h -pidloc=IDLOC -DIDLOC=2 \
  -DCODE=2 -DSTRCODE=2 -DSTRING=2 -DCONST=2 -DENTRY=2 -k \
  C:\Users\Alfaone\AppData\Local\Temp\s5q4.obj \
  dist/default/production\Door_open.production.obj 

Object code version is 3.11

Machine type is 16F1526



                Name                               Link     Load   Length Selector   Space Scale
C:\Users\Alfaone\AppData\Local\Temp\s5q4.obj
                end_init                             AF       AF        2        8       0
                reset_vec                             0        0        2        0       0
                config                             8007     8007        2    1000E       0
dist/default/production\Door_open.production.obj
                cinit                                B1       B1       45        8       0
                intentry                              4        4       AB        8       0
                text13                              75F      75F       19      E4C       0
                text11                              743      743       1C      E4C       0
                text10                              79D      79D        F      E4C       0
                text9                               583      583       6B        8       0
                text8                               726      726       1D      E4C       0
                text7                               44E      44E      135        8       0
                text6                               676      676       38        8       0
                text5                               778      778       16      E4C       0
                text4                               7AC      7AC        C      E4C       0
                text3                               78E      78E        F      E4C       0
                text2                               7B8      7B8        9      E4C       0
                text1                               6E0      6E0       25        8       0
                maintext                             F6       F6      358        8       0
                cstackBANK0                          20       20       2D       20       1
                cstackCOMMON                         76       76        6       70       1
                cstackBANK4                         220      220       14      220       1
                clrtext                             7C7      7C7        6      E4C       0
                inittext                            7C1      7C1        6      E4C       0
                dataBANK3                           1A0      1A0       40      1A0       1
                dataBANK2                           120      120       48      120       1
                dataBANK1                            A0       A0       32       A0       1
                bssBANK1                             D2       D2       18       A0       1
                dataBANK0                            5B       5B        2       20       1
                bssBANK0                             4D       4D        E       20       1
                bssCOMMON                            70       70        6       70       1
                stringtext1                         705      705       21      E0A       0
                idataBANK3                          636      636       40        8       0
                idataBANK2                          5EE      5EE       48        8       0
                idataBANK1                          6AE      6AE       32        8       0
                idataBANK0                          7CD      7CD        2      E4C       0

TOTAL           Name                               Link     Load   Length     Space
        CLASS   STACK          

        CLASS   CODE           
                end_init                             AF       AF        2         0
                cinit                                B1       B1       45         0
                intentry                              4        4       AB         0
                reset_vec                             0        0        2         0
                text13                              75F      75F       19         0
                text11                              743      743       1C         0
                text10                              79D      79D        F         0
                text9                               583      583       6B         0
                text8                               726      726       1D         0
                text7                               44E      44E      135         0
                text6                               676      676       38         0
                text5                               778      778       16         0
                text4                               7AC      7AC        C         0
                text3                               78E      78E        F         0
                text2                               7B8      7B8        9         0
                text1                               6E0      6E0       25         0
                maintext                             F6       F6      358         0
                clrtext                             7C7      7C7        6         0
                inittext                            7C1      7C1        6         0
                idataBANK3                          636      636       40         0
                idataBANK2                          5EE      5EE       48         0
                idataBANK1                          6AE      6AE       32         0
                idataBANK0                          7CD      7CD        2         0

        CLASS   STRCODE        
                stringtext1                         705      705       21         0

        CLASS   STRING         

        CLASS   CONST          

        CLASS   ENTRY          

        CLASS   COMMON         
                cstackCOMMON                         76       76        6         1
                bssCOMMON                            70       70        6         1

        CLASS   BANK0          
                cstackBANK0                          20       20       2D         1
                dataBANK0                            5B       5B        2         1
                bssBANK0                             4D       4D        E         1

        CLASS   BANK1          
                dataBANK1                            A0       A0       32         1
                bssBANK1                             D2       D2       18         1

        CLASS   BANK2          
                dataBANK2                           120      120       48         1

        CLASS   BANK3          
                dataBANK3                           1A0      1A0       40         1

        CLASS   BANK4          
                cstackBANK4                         220      220       14         1

        CLASS   BANK5          

        CLASS   BANK6          

        CLASS   BANK7          

        CLASS   BANK8          

        CLASS   BANK9          

        CLASS   BIGRAM         

        CLASS   RAM            

        CLASS   ABS1           
                abs_s1                               7E       7E        2         1

        CLASS   SFR0           

        CLASS   SFR1           

        CLASS   SFR2           

        CLASS   SFR3           

        CLASS   SFR4           

        CLASS   SFR5           

        CLASS   SFR6           

        CLASS   SFR7           

        CLASS   SFR8           

        CLASS   SFR9           

        CLASS   SFR10          

        CLASS   SFR11          

        CLASS   SFR12          

        CLASS   SFR13          

        CLASS   SFR14          

        CLASS   SFR15          

        CLASS   SFR16          

        CLASS   SFR17          

        CLASS   SFR18          

        CLASS   SFR19          

        CLASS   SFR20          

        CLASS   SFR21          

        CLASS   SFR22          

        CLASS   SFR23          

        CLASS   SFR24          

        CLASS   SFR25          

        CLASS   SFR26          

        CLASS   SFR27          

        CLASS   SFR28          

        CLASS   SFR29          

        CLASS   SFR30          

        CLASS   SFR31          

        CLASS   CONFIG         
                config                             8007     8007        2         0

        CLASS   IDLOC          

        CLASS   BANK31         

        CLASS   BANK30         

        CLASS   BANK29         

        CLASS   BANK28         

        CLASS   BANK27         

        CLASS   BANK26         

        CLASS   BANK25         

        CLASS   BANK24         

        CLASS   BANK23         

        CLASS   BANK22         

        CLASS   BANK21         

        CLASS   BANK20         

        CLASS   BANK19         

        CLASS   BANK18         

        CLASS   BANK17         

        CLASS   BANK16         

        CLASS   BANK15         

        CLASS   BANK14         

        CLASS   BANK13         

        CLASS   BANK12         

        CLASS   BANK11         

        CLASS   BANK10         

        CLASS   EEDATA         



SEGMENTS        Name                           Load    Length   Top    Selector   Space  Class     Delta

                reset_vec                      000000  000002  000002         0       0  CODE        2
                intentry                       000004  000701  000705         8       0  CODE        2
                cstackBANK0                    000020  00003D  00005D        20       1  BANK0       1
                bssCOMMON                      000070  00000C  00007C        70       1  COMMON      1
                dataBANK1                      0000A0  00004A  0000EA        A0       1  BANK1       1
                dataBANK2                      000120  000048  000168       120       1  BANK2       1
                dataBANK3                      0001A0  000040  0001E0       1A0       1  BANK3       1
                cstackBANK4                    000220  000014  000234       220       1  BANK4       1
                stringtext1                    000705  000021  000726       E0A       0  STRCODE     2
                text8                          000726  0000A9  0007CF       E4C       0  CODE        2
                config                         008007  000002  008009     1000E       0  CONFIG      2


UNUSED ADDRESS RANGES

        Name                Unused          Largest block    Delta
        BANK0            0005D-0006F              13           1
        BANK1            000EA-000EF               6           1
        BANK2            00168-0016F               8           1
        BANK3            001E0-001EF              10           1
        BANK4            00234-0026F              3C           1
        BANK5            002A0-002EF              50           1
        BANK6            00320-0036F              50           1
        BANK7            003A0-003EF              50           1
        BANK8            00420-0046F              50           1
        BANK9            004A0-004BF              20           1
        BIGRAM           02000-022EF             2F0           1
        CODE             00002-00003               2           2
                         007CF-01FFF             800
        COMMON           0007C-0007D               2           1
        CONST            00002-00003               2           2
                         007CF-01FFF             100
        ENTRY            00002-00003               2           2
                         007CF-01FFF             100
        IDLOC            08000-08003               4           2
        RAM              0005D-0006F              13           1
                         000EA-000EF               6
                         00168-0016F               8
                         001E0-001EF              10
                         00234-0026F              3C
                         002A0-002EF              50
                         00320-0036F              50
                         003A0-003EF              50
                         00420-0046F              50
                         004A0-004BF              20
        SFR0             00000-0001F              20           1
        SFR1             00080-0009F              20           1
        SFR10            00500-0056F              70           1
        SFR11            00580-005EF              70           1
        SFR12            00600-0066F              70           1
        SFR13            00680-006EF              70           1
        SFR14            00700-0076F              70           1
        SFR15            00780-007EF              70           1
        SFR16            00800-0086F              70           1
        SFR17            00880-008EF              70           1
        SFR18            00900-0096F              70           1
        SFR19            00980-009EF              70           1
        SFR2             00100-0011F              20           1
        SFR20            00A00-00A6F              70           1
        SFR21            00A80-00AEF              70           1
        SFR22            00B00-00B6F              70           1
        SFR23            00B80-00BEF              70           1
        SFR24            00C00-00C6F              70           1
        SFR25            00C80-00CEF              70           1
        SFR26            00D00-00D6F              70           1
        SFR27            00D80-00DEF              70           1
        SFR28            00E00-00E6F              70           1
        SFR29            00E80-00EEF              70           1
        SFR3             00180-0019F              20           1
        SFR30            00F00-00F6F              70           1
        SFR31            00F80-00FEF              70           1
        SFR4             00200-0021F              20           1
        SFR5             00280-0029F              20           1
        SFR6             00300-0031F              20           1
        SFR7             00380-0039F              20           1
        SFR8             00400-0041F              20           1
        SFR9             00480-0049F              20           1
        STACK            02154-022EF             19C           1
        STRCODE          00002-00003               2           2
                         007CF-01FFF            1831
        STRING           00002-00003               2           2
                         007CF-01FFF             100

                                  Symbol Table

?___wmul                    cstackBANK0  00020
?_atoi                      cstackBANK0  00026
ACTION@FanSpeed             cstackBANK0  00036
ACTION@FanSpeedString       cstackBANK0  0003D
ACTION@SwNum                cstackBANK0  00041
ACTION@SwNumString          cstackBANK0  0003F
ACTION@Switch_Num_10s       cstackBANK0  0003C
ACTION@Switch_Num_1s        cstackBANK0  0002E
ACTION@child_lock_num       cstackBANK0  0003A
ACTION@children             cstackBANK0  00038
ACTION@finalFrameStat       cstackBANK0  00033
ACTION@parent               cstackBANK0  00032
ACTION@response_starts      cstackBANK0  00045
ACTION@speed_bit1           cstackBANK0  00030
ACTION@speed_bit2           cstackBANK0  00031
ACTION@sw_status            cstackBANK0  0002F
ACTION@switch_status        cstackBANK0  00043
_ACTION                     text7        0044E
_ANSELA                     (abs)        0018C
_ANSELB                     (abs)        0018D
_ANSELD                     (abs)        0018F
_ANSELE                     (abs)        00190
_ANSELF                     (abs)        0040C
_ANSELG                     (abs)        0040D
_BAUD1CON                   (abs)        0019F
_COPY_FLAG                  bssBANK0     00053
_EUSART_Initialize          text5        00778
_GIE                        (abs)        0005F
_M1                         bssBANK0     00051
_M2                         bssBANK0     0004F
_M3                         bssBANK0     0004D
_M4                         bssBANK1     000D4
_PEIE                       (abs)        0005E
_PIE1bits                   (abs)        00091
_PIE3bits                   (abs)        00093
_PIR1bits                   (abs)        00011
_PIR3bits                   (abs)        00013
_RA3                        (abs)        00063
_RC1IF                      (abs)        0008D
_RC1REG                     (abs)        00199
_RC1STA                     (abs)        0019D
_RC1STAbits                 (abs)        0019D
_RF0                        (abs)        01460
_RF1                        (abs)        01461
_RF3                        (abs)        01463
_RF5                        (abs)        01465
_RF7                        (abs)        01467
_SP1BRGH                    (abs)        0019C
_SP1BRGL                    (abs)        0019B
_T1CON                      (abs)        00018
_T1CONbits                  (abs)        00018
_T1GCON                     (abs)        00019
_T3CON                      (abs)        00413
_T3GCON                     (abs)        00414
_TMR1H                      (abs)        00017
_TMR1L                      (abs)        00016
_TMR1_Initialize            text4        007AC
_TMR3H                      (abs)        00412
_TMR3L                      (abs)        00411
_TMR3_Initialize            text3        0078E
_TRISAbits                  (abs)        0008C
_TRISCbits                  (abs)        0008E
_TRISD                      (abs)        0008F
_TRISFbits                  (abs)        0030C
_TX1REG                     (abs)        0019A
_TX1STA                     (abs)        0019E
_TX1STAbits                 (abs)        0019E
_TX_FLAG                    bssBANK0     00059
_TimerCounter1              bssCOMMON    00070
_WPUB                       (abs)        0020D
_WPUD                       (abs)        0020F
_WPUE                       (abs)        00210
_WPUG                       (abs)        0048D
__CFG_BOREN$OFF             (abs)        00000
__CFG_BORV$LO               (abs)        00000
__CFG_CLKOUTEN$OFF          (abs)        00000
__CFG_CP$OFF                (abs)        00000
__CFG_FCMEN$OFF             (abs)        00000
__CFG_FOSC$HS               (abs)        00000
__CFG_IESO$OFF              (abs)        00000
__CFG_LPBOR$OFF             (abs)        00000
__CFG_LVP$OFF               (abs)        00000
__CFG_MCLRE$OFF             (abs)        00000
__CFG_PWRTE$OFF             (abs)        00000
__CFG_STVREN$OFF            (abs)        00000
__CFG_VCAPEN$OFF            (abs)        00000
__CFG_WDTE$OFF              (abs)        00000
__CFG_WRT$OFF               (abs)        00000
__Habs1                     abs1         00000
__Hbank0                    bank0        00000
__Hbank1                    bank1        00000
__Hbank10                   bank10       00000
__Hbank11                   bank11       00000
__Hbank12                   bank12       00000
__Hbank13                   bank13       00000
__Hbank14                   bank14       00000
__Hbank15                   bank15       00000
__Hbank16                   bank16       00000
__Hbank17                   bank17       00000
__Hbank18                   bank18       00000
__Hbank19                   bank19       00000
__Hbank2                    bank2        00000
__Hbank20                   bank20       00000
__Hbank21                   bank21       00000
__Hbank22                   bank22       00000
__Hbank23                   bank23       00000
__Hbank24                   bank24       00000
__Hbank25                   bank25       00000
__Hbank26                   bank26       00000
__Hbank27                   bank27       00000
__Hbank28                   bank28       00000
__Hbank29                   bank29       00000
__Hbank3                    bank3        00000
__Hbank30                   bank30       00000
__Hbank31                   bank31       00000
__Hbank4                    bank4        00000
__Hbank5                    bank5        00000
__Hbank6                    bank6        00000
__Hbank7                    bank7        00000
__Hbank8                    bank8        00000
__Hbank9                    bank9        00000
__Hbigram                   bigram       00000
__HbssBANK0                 bssBANK0     00000
__HbssBANK1                 bssBANK1     00000
__HbssCOMMON                bssCOMMON    00000
__Hcinit                    cinit        000F6
__Hclrtext                  clrtext      00000
__Hcode                     code         00000
__Hcommon                   common       00000
__Hconfig                   config       08009
__HcstackBANK0              cstackBANK0  00000
__HcstackBANK4              cstackBANK4  00000
__HcstackCOMMON             cstackCOMMON 00000
__HdataBANK0                dataBANK0    00000
__HdataBANK1                dataBANK1    00000
__HdataBANK2                dataBANK2    00000
__HdataBANK3                dataBANK3    00000
__Heeprom_data              eeprom_data  00000
__Hend_init                 end_init     000B1
__Hfunctab                  functab      00000
__HidataBANK0               idataBANK0   00000
__HidataBANK1               idataBANK1   00000
__HidataBANK2               idataBANK2   00000
__HidataBANK3               idataBANK3   00000
__Hidloc                    idloc        00000
__Hinit                     init         000AF
__Hinittext                 inittext     00000
__Hintentry                 intentry     000AF
__Hmaintext                 maintext     00000
__Hpowerup                  powerup      00000
__Hram                      ram          00000
__Hreset_vec                reset_vec    00002
__Hsfr0                     sfr0         00000
__Hsfr1                     sfr1         00000
__Hsfr10                    sfr10        00000
__Hsfr11                    sfr11        00000
__Hsfr12                    sfr12        00000
__Hsfr13                    sfr13        00000
__Hsfr14                    sfr14        00000
__Hsfr15                    sfr15        00000
__Hsfr16                    sfr16        00000
__Hsfr17                    sfr17        00000
__Hsfr18                    sfr18        00000
__Hsfr19                    sfr19        00000
__Hsfr2                     sfr2         00000
__Hsfr20                    sfr20        00000
__Hsfr21                    sfr21        00000
__Hsfr22                    sfr22        00000
__Hsfr23                    sfr23        00000
__Hsfr24                    sfr24        00000
__Hsfr25                    sfr25        00000
__Hsfr26                    sfr26        00000
__Hsfr27                    sfr27        00000
__Hsfr28                    sfr28        00000
__Hsfr29                    sfr29        00000
__Hsfr3                     sfr3         00000
__Hsfr30                    sfr30        00000
__Hsfr31                    sfr31        00000
__Hsfr4                     sfr4         00000
__Hsfr5                     sfr5         00000
__Hsfr6                     sfr6         00000
__Hsfr7                     sfr7         00000
__Hsfr8                     sfr8         00000
__Hsfr9                     sfr9         00000
__Hspace_0                  (abs)        08009
__Hspace_1                  (abs)        00234
__Hspace_2                  (abs)        00000
__Hspace_3                  (abs)        00000
__Hstack                    stack        00000
__Hstrings                  strings      00000
__Hstringtext1              stringtext1  00000
__Hstringtext2              stringtext2  00000
__Htext                     text         00000
__Labs1                     abs1         00000
__Lbank0                    bank0        00000
__Lbank1                    bank1        00000
__Lbank10                   bank10       00000
__Lbank11                   bank11       00000
__Lbank12                   bank12       00000
__Lbank13                   bank13       00000
__Lbank14                   bank14       00000
__Lbank15                   bank15       00000
__Lbank16                   bank16       00000
__Lbank17                   bank17       00000
__Lbank18                   bank18       00000
__Lbank19                   bank19       00000
__Lbank2                    bank2        00000
__Lbank20                   bank20       00000
__Lbank21                   bank21       00000
__Lbank22                   bank22       00000
__Lbank23                   bank23       00000
__Lbank24                   bank24       00000
__Lbank25                   bank25       00000
__Lbank26                   bank26       00000
__Lbank27                   bank27       00000
__Lbank28                   bank28       00000
__Lbank29                   bank29       00000
__Lbank3                    bank3        00000
__Lbank30                   bank30       00000
__Lbank31                   bank31       00000
__Lbank4                    bank4        00000
__Lbank5                    bank5        00000
__Lbank6                    bank6        00000
__Lbank7                    bank7        00000
__Lbank8                    bank8        00000
__Lbank9                    bank9        00000
__Lbigram                   bigram       00000
__LbssBANK0                 bssBANK0     00000
__LbssBANK1                 bssBANK1     00000
__LbssCOMMON                bssCOMMON    00000
__Lcinit                    cinit        000B1
__Lclrtext                  clrtext      00000
__Lcode                     code         00000
__Lcommon                   common       00000
__Lconfig                   config       08007
__LcstackBANK0              cstackBANK0  00000
__LcstackBANK4              cstackBANK4  00000
__LcstackCOMMON             cstackCOMMON 00000
__LdataBANK0                dataBANK0    00000
__LdataBANK1                dataBANK1    00000
__LdataBANK2                dataBANK2    00000
__LdataBANK3                dataBANK3    00000
__Leeprom_data              eeprom_data  00000
__Lend_init                 end_init     000AF
__Lfunctab                  functab      00000
__LidataBANK0               idataBANK0   00000
__LidataBANK1               idataBANK1   00000
__LidataBANK2               idataBANK2   00000
__LidataBANK3               idataBANK3   00000
__Lidloc                    idloc        00000
__Linit                     init         000AF
__Linittext                 inittext     00000
__Lintentry                 intentry     00004
__Lmaintext                 maintext     00000
__Lpowerup                  powerup      00000
__Lram                      ram          00000
__Lreset_vec                reset_vec    00000
__Lsfr0                     sfr0         00000
__Lsfr1                     sfr1         00000
__Lsfr10                    sfr10        00000
__Lsfr11                    sfr11        00000
__Lsfr12                    sfr12        00000
__Lsfr13                    sfr13        00000
__Lsfr14                    sfr14        00000
__Lsfr15                    sfr15        00000
__Lsfr16                    sfr16        00000
__Lsfr17                    sfr17        00000
__Lsfr18                    sfr18        00000
__Lsfr19                    sfr19        00000
__Lsfr2                     sfr2         00000
__Lsfr20                    sfr20        00000
__Lsfr21                    sfr21        00000
__Lsfr22                    sfr22        00000
__Lsfr23                    sfr23        00000
__Lsfr24                    sfr24        00000
__Lsfr25                    sfr25        00000
__Lsfr26                    sfr26        00000
__Lsfr27                    sfr27        00000
__Lsfr28                    sfr28        00000
__Lsfr29                    sfr29        00000
__Lsfr3                     sfr3         00000
__Lsfr30                    sfr30        00000
__Lsfr31                    sfr31        00000
__Lsfr4                     sfr4         00000
__Lsfr5                     sfr5         00000
__Lsfr6                     sfr6         00000
__Lsfr7                     sfr7         00000
__Lsfr8                     sfr8         00000
__Lsfr9                     sfr9         00000
__Lspace_0                  (abs)        00000
__Lspace_1                  (abs)        00000
__Lspace_2                  (abs)        00000
__Lspace_3                  (abs)        00000
__Lstack                    stack        00000
__Lstrings                  strings      00000
__Lstringtext1              stringtext1  00000
__Lstringtext2              stringtext2  00000
__Ltext                     text         00000
__S0                        (abs)        08009
__S1                        (abs)        00234
__S2                        (abs)        00000
___int_sp                   stack        00000
___latbits                  (abs)        00002
___sp                       stack        00000
___wmul                     text11       00743
___wmul@multiplicand        cstackBANK0  00022
___wmul@multiplier          cstackBANK0  00020
___wmul@product             cstackBANK0  00024
__end_of_ACTION             text7        00583
__end_of_EUSART_Initialize  text5        0078E
__end_of_TMR1_Initialize    text4        007B8
__end_of_TMR3_Initialize    text3        0079D
__end_of___wmul             text11       0075F
__end_of__initialization    cinit        000F2
__end_of_atoi               text9        005EE
__end_of_copy_frame         text6        006AE
__end_of_isdigit            text10       007AC
__end_of_isr                intentry     000AF
__end_of_main               maintext     0044E
__end_of_periperal_init     text2        007C1
__end_of_pin_manager        text1        00705
__end_of_writeUART          text8        00743
__end_ofi1_writeUART        text13       00778
__initialization            cinit        000B1
__pbssBANK0                 bssBANK0     0004D
__pbssBANK1                 bssBANK1     000D2
__pbssCOMMON                bssCOMMON    00070
__pcstackBANK0              cstackBANK0  00020
__pcstackBANK4              cstackBANK4  00220
__pcstackCOMMON             cstackCOMMON 00076
__pdataBANK0                dataBANK0    0005B
__pdataBANK1                dataBANK1    000A0
__pdataBANK2                dataBANK2    00120
__pdataBANK3                dataBANK3    001A0
__pidataBANK0               idataBANK0   007CD
__pidataBANK1               idataBANK1   006AE
__pidataBANK2               idataBANK2   005EE
__pidataBANK3               idataBANK3   00636
__pintentry                 intentry     00004
__pmaintext                 maintext     000F6
__pstringtext1              stringtext1  00705
__pstringtext2              stringtext2  00000
__ptext1                    text1        006E0
__ptext10                   text10       0079D
__ptext11                   text11       00743
__ptext13                   text13       0075F
__ptext2                    text2        007B8
__ptext3                    text3        0078E
__ptext4                    text4        007AC
__ptext5                    text5        00778
__ptext6                    text6        00676
__ptext7                    text7        0044E
__ptext8                    text8        00726
__ptext9                    text9        00583
__size_of_ACTION            (abs)        00000
__size_of_EUSART_Initialize (abs)        00000
__size_of_TMR1_Initialize   (abs)        00000
__size_of_TMR3_Initialize   (abs)        00000
__size_of___wmul            (abs)        00000
__size_of_atoi              (abs)        00000
__size_of_copy_frame        (abs)        00000
__size_of_isdigit           (abs)        00000
__size_of_isr               (abs)        00000
__size_of_main              (abs)        00000
__size_of_periperal_init    (abs)        00000
__size_of_pin_manager       (abs)        00000
__size_of_writeUART         (abs)        00000
__size_ofi1_writeUART       (abs)        00000
_atoi                       text9        00583
_child_LOCK                 dataBANK3    001A0
_copy                       dataBANK2    00120
_copy_frame                 text6        00676
_curtFlag1                  bssCOMMON    00074
_i                          bssCOMMON    00072
_isdigit                    text10       0079D
_isdigit$642                cstackBANK0  00020
_isr                        intentry     00004
_k                          bssBANK0     00057
_main                       maintext     000F6
_man                        dataBANK0    0005B
_name                       dataBANK2    00144
_periperal_init             text2        007B8
_pin_manager                text1        006E0
_st                         dataBANK1    000A0
_sw                         bssBANK0     00055
_writeUART                  text8        00726
atoi@a                      cstackBANK0  0002B
atoi@s                      cstackBANK0  0002D
atoi@sign                   cstackBANK0  0002A
btemp                       (abs)        0007E
clear_ram0                  clrtext      007C7
copy_frame@end              cstackBANK0  00022
copy_frame@start            cstackBANK0  00020
end_of_initialization       cinit        000F2
i1_writeUART                text13       0075F
i1writeUART@Tx_count        cstackCOMMON 00078
i1writeUART@str2Write       cstackCOMMON 00077
init_ram                    inittext     007C1
int$flags                   (abs)        0007E
intlevel0                   functab      00000
intlevel1                   functab      00000
intlevel2                   functab      00000
intlevel3                   functab      00000
intlevel4                   functab      00000
intlevel5                   functab      00000
isdigit@c                   cstackBANK0  00021
main@RX_CHK_FLAG_end1       cstackBANK4  0022C
main@RX_CHK_FLAG_end2       cstackBANK4  0022E
main@RX_CHK_FLAG_start1     cstackBANK4  00228
main@RX_CHK_FLAG_start2     cstackBANK4  0022A
main@cnt1                   cstackBANK4  00224
main@cnt2                   cstackBANK4  00226
main@end_flag               cstackBANK4  00232
main@frame_end              cstackBANK4  00222
main@frame_start            cstackBANK4  00220
main@start_flag             cstackBANK4  00230
reset_vec                   reset_vec    00000
stackhi                     (abs)        022EF
stacklo                     (abs)        02154
start                       init         000AF
start_initialization        cinit        000B1
writeUART@Tx_count          cstackBANK0  00021
writeUART@str2Write         cstackBANK0  00023
wtemp0                      (abs)        0007E


FUNCTION INFORMATION:

 *************** function _main *****************
 Defined at:
		line 135 in file "blynd.c"
 Parameters:    Size  Location     Type
		None
 Auto vars:     Size  Location     Type
  end_flag        2   18[BANK4 ] int 
  start_flag      2   16[BANK4 ] int 
  RX_CHK_FLAG_    2   14[BANK4 ] int 
  RX_CHK_FLAG_    2   12[BANK4 ] int 
  RX_CHK_FLAG_    2   10[BANK4 ] int 
  RX_CHK_FLAG_    2    8[BANK4 ] int 
  cnt2            2    6[BANK4 ] unsigned int 
  cnt1            2    4[BANK4 ] unsigned int 
  frame_end       2    2[BANK4 ] unsigned int 
  frame_start     2    0[BANK4 ] unsigned int 
 Return value:  Size  Location     Type
                  1    wreg      void 
 Registers used:
		wreg, fsr0l, fsr0h, fsr1l, fsr1h, status,2, status,0, pclath, cstack
 Tracked objects:
		On entry : 
		On exit  : 
		Unchanged: 
 Data sizes:     COMMON   BANK0   BANK1   BANK2   BANK3   BANK4   BANK5   BANK6   BANK7   BANK8   BANK9
      Params:         0       0       0       0       0       0       0       0       0       0       0
      Locals:         0       0       0       0       0      20       0       0       0       0       0
      Temps:          0       6       0       0       0       0       0       0       0       0       0
      Totals:         0       6       0       0       0      20       0       0       0       0       0
Total ram usage:       26 bytes
 Hardware stack levels required when called:    5
 This function calls:
		_ACTION
		_copy_frame
		_periperal_init
		_pin_manager
		_writeUART
 This function is called by:
		Startup code after reset
 This function uses a non-reentrant model


 *************** function _pin_manager *****************
 Defined at:
		line 491 in file "blynd.c"
 Parameters:    Size  Location     Type
		None
 Auto vars:     Size  Location     Type
		None
 Return value:  Size  Location     Type
                  1    wreg      void 
 Registers used:
		wreg, status,2
 Tracked objects:
		On entry : 
		On exit  : 
		Unchanged: 
 Data sizes:     COMMON   BANK0   BANK1   BANK2   BANK3   BANK4   BANK5   BANK6   BANK7   BANK8   BANK9
      Params:         0       0       0       0       0       0       0       0       0       0       0
      Locals:         0       0       0       0       0       0       0       0       0       0       0
      Temps:          0       0       0       0       0       0       0       0       0       0       0
      Totals:         0       0       0       0       0       0       0       0       0       0       0
Total ram usage:        0 bytes
 Hardware stack levels used:    1
 Hardware stack levels required when called:    2
 This function calls:
		Nothing
 This function is called by:
		_main
 This function uses a non-reentrant model


 *************** function _periperal_init *****************
 Defined at:
		line 129 in file "blynd.c"
 Parameters:    Size  Location     Type
		None
 Auto vars:     Size  Location     Type
		None
 Return value:  Size  Location     Type
                  1    wreg      void 
 Registers used:
		wreg, status,2, status,0, pclath, cstack
 Tracked objects:
		On entry : 
		On exit  : 
		Unchanged: 
 Data sizes:     COMMON   BANK0   BANK1   BANK2   BANK3   BANK4   BANK5   BANK6   BANK7   BANK8   BANK9
      Params:         0       0       0       0       0       0       0       0       0       0       0
      Locals:         0       0       0       0       0       0       0       0       0       0       0
      Temps:          0       0       0       0       0       0       0       0       0       0       0
      Totals:         0       0       0       0       0       0       0       0       0       0       0
Total ram usage:        0 bytes
 Hardware stack levels used:    1
 Hardware stack levels required when called:    3
 This function calls:
		_EUSART_Initialize
		_TMR1_Initialize
		_TMR3_Initialize
 This function is called by:
		_main
 This function uses a non-reentrant model


 *************** function _TMR3_Initialize *****************
 Defined at:
		line 460 in file "blynd.c"
 Parameters:    Size  Location     Type
		None
 Auto vars:     Size  Location     Type
		None
 Return value:  Size  Location     Type
                  1    wreg      void 
 Registers used:
		wreg, status,2
 Tracked objects:
		On entry : 
		On exit  : 
		Unchanged: 
 Data sizes:     COMMON   BANK0   BANK1   BANK2   BANK3   BANK4   BANK5   BANK6   BANK7   BANK8   BANK9
      Params:         0       0       0       0       0       0       0       0       0       0       0
      Locals:         0       0       0       0       0       0       0       0       0       0       0
      Temps:          0       0       0       0       0       0       0       0       0       0       0
      Totals:         0       0       0       0       0       0       0       0       0       0       0
Total ram usage:        0 bytes
 Hardware stack levels used:    1
 Hardware stack levels required when called:    2
 This function calls:
		Nothing
 This function is called by:
		_periperal_init
 This function uses a non-reentrant model


 *************** function _TMR1_Initialize *****************
 Defined at:
		line 429 in file "blynd.c"
 Parameters:    Size  Location     Type
		None
 Auto vars:     Size  Location     Type
		None
 Return value:  Size  Location     Type
                  1    wreg      void 
 Registers used:
		wreg, status,2
 Tracked objects:
		On entry : 
		On exit  : 
		Unchanged: 
 Data sizes:     COMMON   BANK0   BANK1   BANK2   BANK3   BANK4   BANK5   BANK6   BANK7   BANK8   BANK9
      Params:         0       0       0       0       0       0       0       0       0       0       0
      Locals:         0       0       0       0       0       0       0       0       0       0       0
      Temps:          0       0       0       0       0       0       0       0       0       0       0
      Totals:         0       0       0       0       0       0       0       0       0       0       0
Total ram usage:        0 bytes
 Hardware stack levels used:    1
 Hardware stack levels required when called:    2
 This function calls:
		Nothing
 This function is called by:
		_periperal_init
 This function uses a non-reentrant model


 *************** function _EUSART_Initialize *****************
 Defined at:
		line 390 in file "blynd.c"
 Parameters:    Size  Location     Type
		None
 Auto vars:     Size  Location     Type
		None
 Return value:  Size  Location     Type
                  1    wreg      void 
 Registers used:
		wreg
 Tracked objects:
		On entry : 
		On exit  : 
		Unchanged: 
 Data sizes:     COMMON   BANK0   BANK1   BANK2   BANK3   BANK4   BANK5   BANK6   BANK7   BANK8   BANK9
      Params:         0       0       0       0       0       0       0       0       0       0       0
      Locals:         0       0       0       0       0       0       0       0       0       0       0
      Temps:          0       0       0       0       0       0       0       0       0       0       0
      Totals:         0       0       0       0       0       0       0       0       0       0       0
Total ram usage:        0 bytes
 Hardware stack levels used:    1
 Hardware stack levels required when called:    2
 This function calls:
		Nothing
 This function is called by:
		_periperal_init
 This function uses a non-reentrant model


 *************** function _copy_frame *****************
 Defined at:
		line 289 in file "blynd.c"
 Parameters:    Size  Location     Type
  start           2    0[BANK0 ] int 
  end             2    2[BANK0 ] int 
 Auto vars:     Size  Location     Type
		None
 Return value:  Size  Location     Type
                  1    wreg      void 
 Registers used:
		wreg, fsr1l, fsr1h, status,2, status,0
 Tracked objects:
		On entry : 
		On exit  : 
		Unchanged: 
 Data sizes:     COMMON   BANK0   BANK1   BANK2   BANK3   BANK4   BANK5   BANK6   BANK7   BANK8   BANK9
      Params:         0       4       0       0       0       0       0       0       0       0       0
      Locals:         0       0       0       0       0       0       0       0       0       0       0
      Temps:          0       1       0       0       0       0       0       0       0       0       0
      Totals:         0       5       0       0       0       0       0       0       0       0       0
Total ram usage:        5 bytes
 Hardware stack levels used:    1
 Hardware stack levels required when called:    2
 This function calls:
		Nothing
 This function is called by:
		_main
 This function uses a non-reentrant model


 *************** function _ACTION *****************
 Defined at:
		line 304 in file "blynd.c"
 Parameters:    Size  Location     Type
  Switch_Num_1    1    wreg     unsigned char 
  Switch_Num_1    1   14[BANK0 ] unsigned char 
  sw_status       1   15[BANK0 ] unsigned char 
  speed_bit1      1   16[BANK0 ] unsigned char 
  speed_bit2      1   17[BANK0 ] unsigned char 
  parent          1   18[BANK0 ] unsigned char 
  finalFrameSt    1   19[BANK0 ] unsigned char 
 Auto vars:     Size  Location     Type
  Switch_Num_1    1   28[BANK0 ] unsigned char 
  SwNumString     2   31[BANK0 ] unsigned char [2]
  FanSpeedStri    2   29[BANK0 ] unsigned char [2]
  child_lock_n    2   26[BANK0 ] int 
  children        2   24[BANK0 ] int 
  FanSpeed        2   22[BANK0 ] int 
  response_sta    2   37[BANK0 ] int 
  switch_statu    2   35[BANK0 ] int 
  SwNum           2   33[BANK0 ] int 
 Return value:  Size  Location     Type
                  1    wreg      void 
 Registers used:
		wreg, fsr0l, fsr0h, fsr1l, fsr1h, status,2, status,0, pclath, cstack
 Tracked objects:
		On entry : 
		On exit  : 
		Unchanged: 
 Data sizes:     COMMON   BANK0   BANK1   BANK2   BANK3   BANK4   BANK5   BANK6   BANK7   BANK8   BANK9
      Params:         0       6       0       0       0       0       0       0       0       0       0
      Locals:         0      17       0       0       0       0       0       0       0       0       0
      Temps:          0       2       0       0       0       0       0       0       0       0       0
      Totals:         0      25       0       0       0       0       0       0       0       0       0
Total ram usage:       25 bytes
 Hardware stack levels used:    1
 Hardware stack levels required when called:    4
 This function calls:
		_atoi
		_writeUART
 This function is called by:
		_main
 This function uses a non-reentrant model


 *************** function _writeUART *****************
 Defined at:
		line 377 in file "blynd.c"
 Parameters:    Size  Location     Type
  str2Write       1    wreg     PTR unsigned char 
		 -> st(50), 
 Auto vars:     Size  Location     Type
  str2Write       1    3[BANK0 ] PTR unsigned char 
		 -> st(50), 
  Tx_count        2    1[BANK0 ] int 
 Return value:  Size  Location     Type
                  1    wreg      void 
 Registers used:
		wreg, fsr1l, fsr1h, status,2, status,0
 Tracked objects:
		On entry : 
		On exit  : 
		Unchanged: 
 Data sizes:     COMMON   BANK0   BANK1   BANK2   BANK3   BANK4   BANK5   BANK6   BANK7   BANK8   BANK9
      Params:         0       0       0       0       0       0       0       0       0       0       0
      Locals:         0       3       0       0       0       0       0       0       0       0       0
      Temps:          0       1       0       0       0       0       0       0       0       0       0
      Totals:         0       4       0       0       0       0       0       0       0       0       0
Total ram usage:        4 bytes
 Hardware stack levels used:    1
 Hardware stack levels required when called:    2
 This function calls:
		Nothing
 This function is called by:
		_main
		_ACTION
 This function uses a non-reentrant model


 *************** function _atoi *****************
 Defined at:
		line 5 in file "C:\Program Files (x86)\Microchip\xc8\v1.45\sources\common\atoi.c"
 Parameters:    Size  Location     Type
  s               1    wreg     PTR const unsigned char 
		 -> ACTION@FanSpeedString(2), ACTION@SwNumString(2), 
 Auto vars:     Size  Location     Type
  s               1   13[BANK0 ] PTR const unsigned char 
		 -> ACTION@FanSpeedString(2), ACTION@SwNumString(2), 
  a               2   11[BANK0 ] int 
  sign            1   10[BANK0 ] unsigned char 
 Return value:  Size  Location     Type
                  2    6[BANK0 ] int 
 Registers used:
		wreg, fsr1l, fsr1h, status,2, status,0, pclath, cstack
 Tracked objects:
		On entry : 
		On exit  : 
		Unchanged: 
 Data sizes:     COMMON   BANK0   BANK1   BANK2   BANK3   BANK4   BANK5   BANK6   BANK7   BANK8   BANK9
      Params:         0       2       0       0       0       0       0       0       0       0       0
      Locals:         0       4       0       0       0       0       0       0       0       0       0
      Temps:          0       2       0       0       0       0       0       0       0       0       0
      Totals:         0       8       0       0       0       0       0       0       0       0       0
Total ram usage:        8 bytes
 Hardware stack levels used:    1
 Hardware stack levels required when called:    3
 This function calls:
		___wmul
		_isdigit
 This function is called by:
		_ACTION
 This function uses a non-reentrant model


 *************** function _isdigit *****************
 Defined at:
		line 8 in file "C:\Program Files (x86)\Microchip\xc8\v1.45\sources\common\isdigit.c"
 Parameters:    Size  Location     Type
  c               1    wreg     unsigned char 
 Auto vars:     Size  Location     Type
  c               1    1[BANK0 ] unsigned char 
 Return value:  Size  Location     Type
		None               void
 Registers used:
		wreg, status,2, status,0
 Tracked objects:
		On entry : 
		On exit  : 
		Unchanged: 
 Data sizes:     COMMON   BANK0   BANK1   BANK2   BANK3   BANK4   BANK5   BANK6   BANK7   BANK8   BANK9
      Params:         0       0       0       0       0       0       0       0       0       0       0
      Locals:         0       2       0       0       0       0       0       0       0       0       0
      Temps:          0       0       0       0       0       0       0       0       0       0       0
      Totals:         0       2       0       0       0       0       0       0       0       0       0
Total ram usage:        2 bytes
 Hardware stack levels used:    1
 Hardware stack levels required when called:    2
 This function calls:
		Nothing
 This function is called by:
		_atoi
 This function uses a non-reentrant model


 *************** function ___wmul *****************
 Defined at:
		line 15 in file "C:\Program Files (x86)\Microchip\xc8\v1.45\sources\common\Umul16.c"
 Parameters:    Size  Location     Type
  multiplier      2    0[BANK0 ] unsigned int 
  multiplicand    2    2[BANK0 ] unsigned int 
 Auto vars:     Size  Location     Type
  product         2    4[BANK0 ] unsigned int 
 Return value:  Size  Location     Type
                  2    0[BANK0 ] unsigned int 
 Registers used:
		wreg, status,2, status,0
 Tracked objects:
		On entry : 
		On exit  : 
		Unchanged: 
 Data sizes:     COMMON   BANK0   BANK1   BANK2   BANK3   BANK4   BANK5   BANK6   BANK7   BANK8   BANK9
      Params:         0       4       0       0       0       0       0       0       0       0       0
      Locals:         0       2       0       0       0       0       0       0       0       0       0
      Temps:          0       0       0       0       0       0       0       0       0       0       0
      Totals:         0       6       0       0       0       0       0       0       0       0       0
Total ram usage:        6 bytes
 Hardware stack levels used:    1
 Hardware stack levels required when called:    2
 This function calls:
		Nothing
 This function is called by:
		_atoi
 This function uses a non-reentrant model


 *************** function _isr *****************
 Defined at:
		line 74 in file "blynd.c"
 Parameters:    Size  Location     Type
		None
 Auto vars:     Size  Location     Type
		None
 Return value:  Size  Location     Type
                  1    wreg      void 
 Registers used:
		wreg, fsr1l, fsr1h, status,2, status,0, pclath, cstack
 Tracked objects:
		On entry : 
		On exit  : 
		Unchanged: 
 Data sizes:     COMMON   BANK0   BANK1   BANK2   BANK3   BANK4   BANK5   BANK6   BANK7   BANK8   BANK9
      Params:         0       0       0       0       0       0       0       0       0       0       0
      Locals:         0       0       0       0       0       0       0       0       0       0       0
      Temps:          2       0       0       0       0       0       0       0       0       0       0
      Totals:         2       0       0       0       0       0       0       0       0       0       0
Total ram usage:        2 bytes
 Hardware stack levels used:    1
 Hardware stack levels required when called:    1
 This function calls:
		i1_writeUART
 This function is called by:
		Interrupt level 1
 This function uses a non-reentrant model


 *************** function i1_writeUART *****************
 Defined at:
		line 377 in file "blynd.c"
 Parameters:    Size  Location     Type
  str2Write       1    wreg     PTR unsigned char 
		 -> st(50), 
 Auto vars:     Size  Location     Type
  str2Write       1    1[COMMON] PTR unsigned char 
		 -> st(50), 
  writeUART       2    2[COMMON] int 
 Return value:  Size  Location     Type
                  1    wreg      void 
 Registers used:
		wreg, fsr1l, fsr1h, status,2, status,0
 Tracked objects:
		On entry : 
		On exit  : 
		Unchanged: 
 Data sizes:     COMMON   BANK0   BANK1   BANK2   BANK3   BANK4   BANK5   BANK6   BANK7   BANK8   BANK9
      Params:         0       0       0       0       0       0       0       0       0       0       0
      Locals:         3       0       0       0       0       0       0       0       0       0       0
      Temps:          1       0       0       0       0       0       0       0       0       0       0
      Totals:         4       0       0       0       0       0       0       0       0       0       0
Total ram usage:        4 bytes
 Hardware stack levels used:    1
 This function calls:
		Nothing
 This function is called by:
		_isr
 This function uses a non-reentrant model



MODULE INFORMATION

Module		Function		Class		Link	Load	Size
C:\Program Files (x86)\Microchip\xc8\v1.45\sources\common\Umul16.c
		___wmul        		CODE           	0743	0000	29

C:\Program Files (x86)\Microchip\xc8\v1.45\sources\common\Umul16.c estimated size: 29

C:\Program Files (x86)\Microchip\xc8\v1.45\sources\common\isdigit.c
		_isdigit       		CODE           	079D	0000	16

C:\Program Files (x86)\Microchip\xc8\v1.45\sources\common\isdigit.c estimated size: 16

blynd.c
		_TMR1_Initialize		CODE           	07AC	0000	13
		_periperal_init		CODE           	07B8	0000	10
		_TMR3_Initialize		CODE           	078E	0000	16
		_pin_manager   		CODE           	06E0	0000	38
		_main          		CODE           	00F6	0000	857
		_EUSART_Initialize		CODE           	0778	0000	23
		_ACTION        		CODE           	044E	0000	310
		_isr           		CODE           	0004	0000	172
		_copy_frame    		CODE           	0676	0000	57
		_writeUART     		CODE           	0726	0000	30

blynd.c estimated size: 1526

C:\Program Files (x86)\Microchip\xc8\v1.45\sources\common\atoi.c
		_atoi          		CODE           	0583	0000	108

C:\Program Files (x86)\Microchip\xc8\v1.45\sources\common\atoi.c estimated size: 108

shared
		i1_writeUART   		CODE           	075F	0000	26
		__initialization		CODE           	00B1	0000	66

shared estimated size: 92

